processed 123/12038; batch 125/12038
2026-09-02 16:16:07 watchdog: starting worker (done=117)
2026-09-02 16:19:18 watchdog: starting worker (done=117)
2026-09-02 16:22:15 watchdog: starting worker (done=117)
2026-09-02 16:24:43 watchdog: starting worker (done=118)
2026-09-02 16:26:26 watchdog: starting worker (done=118)
2026-09-02 16:27:24 watchdog: starting worker (done=118)
Traceback (most recent call last):
  File "/mnt/h/s/Work_MEDIA/candidate_analysis_worker.py", line 14, in <module>
    import requests
ModuleNotFoundError: No module named 'requests'
2026-09-02 16:27:24 watchdog: worker exited, restart in 30s
2026-09-02 16:28:43 watchdog: starting worker (done=118)
Traceback (most recent call last):
  File "/mnt/h/s/Work_MEDIA/candidate_analysis_worker.py", line 14, in <module>
    import requests
ModuleNotFoundError: No module named 'requests'
2026-09-02 16:28:43 watchdog: worker exited, restart in 30s
2026-09-02 16:30:43 watchdog: starting worker (done=118)
Traceback (most recent call last):
  File "/mnt/h/s/Work_MEDIA/candidate_analysis_worker.py", line 14, in <module>
    import requests
ModuleNotFoundError: No module named 'requests'
2026-09-02 16:30:44 watchdog: worker exited, restart in 30s
2026-09-02 16:33:06 watchdog: starting worker (done=118)
Traceback (most recent call last):
  File "/mnt/h/s/Work_MEDIA/candidate_analysis_worker.py", line 14, in <module>
    import requests
ModuleNotFoundError: No module named 'requests'
2026-09-02 16:33:06 watchdog: worker exited, restart in 30s
2026-09-02 16:33:38 watchdog: starting worker (done=118)
Traceback (most recent call last):
  File "/mnt/h/s/Work_MEDIA/candidate_analysis_worker.py", line 14, in <module>
    import requests
ModuleNotFoundError: No module named 'requests'
2026-09-02 16:33:38 watchdog: worker exited, restart in 30s
2026-09-02 16:34:04 watchdog: starting worker (done=118)
2026-09-02 16:44:41 watchdog: starting worker (done=118)
2026-09-02 16:50:22 watchdog: starting worker (done=119)
2026-09-02 17:00:42 watchdog: starting worker (done=119)
2026-09-02 17:01:04 watchdog: starting worker (done=119)
2026-09-02 17:02:06 watchdog: starting worker (done=119)
processed 123/12038; batch 104/12038
git error: fatal: detected dubious ownership in repository at '/mnt/h/s/Work_MEDIA'
To add an exception for this directory, call:

	git config --global --add safe.directory /mnt/h/s/Work_MEDIA

processed 148/12038; batch 150/12038
git error: fatal: could not read Username for 'https://github.com': No such device or address

2026-09-02 19:14:09 watchdog: starting worker (done=164)
2026-09-02 19:25:03 watchdog: starting worker (done=172)
2026-09-02 19:27:03 watchdog: starting worker (done=172)
2026-09-02 19:31:16 watchdog: starting worker (done=172)
processed 173/12038; batch 151/12038
Traceback (most recent call last):
  File "/mnt/h/s/Work_MEDIA/candidate_analysis_worker.py", line 272, in <module>
    main()
  File "/mnt/h/s/Work_MEDIA/candidate_analysis_worker.py", line 264, in main
    git_commit_push(root, f"progress: candidate analysis articles {args.start + start + 1}-{args.start + start + len(batch)} of {len(urls)}")
  File "/mnt/h/s/Work_MEDIA/candidate_analysis_worker.py", line 199, in git_commit_push
    subprocess.run(["/mnt/c/Windows/System32/cmd.exe", "/c", cmd], check=True, env=env, capture_output=True, text=True)
  File "/usr/lib/python3.12/subprocess.py", line 548, in run
    with Popen(*popenargs, **kwargs) as process:
         ^^^^^^^^^^^^^^^^^^^^^^^^^^^
  File "/usr/lib/python3.12/subprocess.py", line 1026, in __init__
    self._execute_child(args, executable, preexec_fn, close_fds,
  File "/usr/lib/python3.12/subprocess.py", line 1955, in _execute_child
    raise child_exception_type(errno_num, err_msg, err_filename)
OSError: [Errno 8] Exec format error: '/mnt/c/Windows/System32/cmd.exe'
2026-09-02 19:37:31 watchdog: worker exited, restart in 30s
2026-09-02 19:38:02 watchdog: starting worker (done=173)
2026-09-02 19:52:29 watchdog: starting worker (done=196)
processed 198/12038; batch 177/12038
processed 223/12038; batch 225/12038
processed 248/12038; batch 250/12038
processed 273/12038; batch 275/12038
processed 298/12038; batch 300/12038
2026-09-02 22:15:32 watchdog: starting worker (done=322)
processed 323/12038; batch 301/12038
processed 348/12038; batch 350/12038
processed 373/12038; batch 375/12038
processed 398/12038; batch 400/12038
processed 423/12038; batch 425/12038
processed 448/12038; batch 450/12038
processed 473/12038; batch 475/12038
processed 498/12038; batch 500/12038
processed 523/12038; batch 525/12038
processed 548/12038; batch 550/12038
processed 573/12038; batch 575/12038
processed 598/12038; batch 600/12038
processed 623/12038; batch 625/12038
processed 648/12038; batch 650/12038
processed 673/12038; batch 675/12038
processed 698/12038; batch 700/12038
processed 723/12038; batch 725/12038
processed 748/12038; batch 750/12038
processed 773/12038; batch 775/12038
processed 798/12038; batch 800/12038
processed 823/12038; batch 825/12038
2026-09-02 22:50:28 watchdog: starting worker (done=264)
processed 265/12038; batch 101/12038
processed 272/12038; batch 132/12038
processed 281/12038; batch 159/12038
processed 286/12038; batch 180/12038
processed 292/12038; batch 206/12038
processed 299/12038; batch 232/12038
processed 304/12038; batch 255/12038
processed 315/12038; batch 286/12038
processed 323/12038; batch 308/12038
processed 348/12038; batch 350/12038
processed 373/12038; batch 375/12038
processed 398/12038; batch 400/12038
processed 423/12038; batch 425/12038
processed 448/12038; batch 450/12038
processed 473/12038; batch 475/12038
processed 498/12038; batch 500/12038
processed 523/12038; batch 525/12038
processed 548/12038; batch 550/12038
processed 573/12038; batch 575/12038
processed 598/12038; batch 600/12038
processed 623/12038; batch 625/12038
processed 648/12038; batch 650/12038
processed 673/12038; batch 675/12038
processed 698/12038; batch 700/12038
processed 723/12038; batch 725/12038
processed 748/12038; batch 750/12038
processed 773/12038; batch 775/12038
processed 798/12038; batch 800/12038
processed 823/12038; batch 825/12038
processed 848/12038; batch 850/12038
processed 873/12038; batch 875/12038
processed 898/12038; batch 900/12038
processed 923/12038; batch 925/12038
processed 948/12038; batch 950/12038
processed 973/12038; batch 975/12038
processed 998/12038; batch 1000/12038
processed 1023/12038; batch 1025/12038
processed 1048/12038; batch 1050/12038
processed 1073/12038; batch 1075/12038
processed 1098/12038; batch 1100/12038
processed 1123/12038; batch 1125/12038
processed 1148/12038; batch 1150/12038
processed 1173/12038; batch 1175/12038
processed 1198/12038; batch 1200/12038
processed 1223/12038; batch 1225/12038
processed 1248/12038; batch 1250/12038
processed 1273/12038; batch 1275/12038
processed 1298/12038; batch 1300/12038
processed 1323/12038; batch 1325/12038
processed 1348/12038; batch 1350/12038
processed 1373/12038; batch 1375/12038
processed 1398/12038; batch 1400/12038
processed 1423/12038; batch 1425/12038
processed 1448/12038; batch 1450/12038
processed 1473/12038; batch 1475/12038
processed 1498/12038; batch 1500/12038
